  正在确定要还原的项目…
  已还原 E:\Desk\EyeGuard\src\EyeGuard.UI\EyeGuard.UI.csproj (用时 441 毫秒)。
  3 个项目(共 4 个)是最新的，无法还原。
  EyeGuard.Core -> E:\Desk\EyeGuard\src\EyeGuard.Core\bin\Debug\net8.0\EyeGuard.Core.dll
C:\Program Files\dotnet\sdk\9.0.305\Sdks\Microsoft.NET.Sdk\targets\Microsoft.NET.Sdk.targets(323,5): warning NETSDK1206: 找到了特定于版本或特定于发行版的运行时标识符: alpine-arm, alpine-arm64, alpine-x64。受影响的库: SQLitePCLRaw.lib.e_sqlite3。在 .NET 8.0 及更高版本中，默认情况下找不到特定于版本和特定于发行版的运行时标识符的资产。有关详细信息，请参阅 https://aka.ms/dotnet/rid-usage。 [E:\Desk\EyeGuard\src\EyeGuard.Infrastructure\EyeGuard.Infrastructure.csproj]
  EyeGuard.Infrastructure -> E:\Desk\EyeGuard\src\EyeGuard.Infrastructure\bin\Debug\net8.0\EyeGuard.Infrastructure.dll
C:\Program Files\dotnet\sdk\9.0.305\Sdks\Microsoft.NET.Sdk\targets\Microsoft.NET.Sdk.targets(323,5): warning NETSDK1206: 找到了特定于版本或特定于发行版的运行时标识符: alpine-arm, alpine-arm64, alpine-x64。受影响的库: SQLitePCLRaw.lib.e_sqlite3。在 .NET 8.0 及更高版本中，默认情况下找不到特定于版本和特定于发行版的运行时标识符的资产。有关详细信息，请参阅 https://aka.ms/dotnet/rid-usage。 [E:\Desk\EyeGuard\src\EyeGuard.Application\EyeGuard.Application.csproj]
  EyeGuard.Application -> E:\Desk\EyeGuard\src\EyeGuard.Application\bin\Debug\net8.0\EyeGuard.Application.dll
C:\Users\NYB__\.nuget\packages\microsoft.windowsappsdk\1.6.250108002\buildTransitive\Microsoft.UI.Xaml.Markup.Compiler.interop.targets(590,9): error MSB3073: 命令“"C:\Users\NYB__\.nuget\packages\microsoft.windowsappsdk\1.6.250108002\buildTransitive\..\tools\net6.0\..\net472\XamlCompiler.exe" "obj\Debug\net8.0-windows10.0.19041.0\\input.json" "obj\Debug\net8.0-windows10.0.19041.0\\output.json"”已退出，代码为 1。 [E:\Desk\EyeGuard\src\EyeGuard.UI\EyeGuard.UI.csproj]

生成失败。

C:\Program Files\dotnet\sdk\9.0.305\Sdks\Microsoft.NET.Sdk\targets\Microsoft.NET.Sdk.targets(323,5): warning NETSDK1206: 找到了特定于版本或特定于发行版的运行时标识符: alpine-arm, alpine-arm64, alpine-x64。受影响的库: SQLitePCLRaw.lib.e_sqlite3。在 .NET 8.0 及更高版本中，默认情况下找不到特定于版本和特定于发行版的运行时标识符的资产。有关详细信息，请参阅 https://aka.ms/dotnet/rid-usage。 [E:\Desk\EyeGuard\src\EyeGuard.Infrastructure\EyeGuard.Infrastructure.csproj]
C:\Program Files\dotnet\sdk\9.0.305\Sdks\Microsoft.NET.Sdk\targets\Microsoft.NET.Sdk.targets(323,5): warning NETSDK1206: 找到了特定于版本或特定于发行版的运行时标识符: alpine-arm, alpine-arm64, alpine-x64。受影响的库: SQLitePCLRaw.lib.e_sqlite3。在 .NET 8.0 及更高版本中，默认情况下找不到特定于版本和特定于发行版的运行时标识符的资产。有关详细信息，请参阅 https://aka.ms/dotnet/rid-usage。 [E:\Desk\EyeGuard\src\EyeGuard.Application\EyeGuard.Application.csproj]
C:\Users\NYB__\.nuget\packages\microsoft.windowsappsdk\1.6.250108002\buildTransitive\Microsoft.UI.Xaml.Markup.Compiler.interop.targets(590,9): error MSB3073: 命令“"C:\Users\NYB__\.nuget\packages\microsoft.windowsappsdk\1.6.250108002\buildTransitive\..\tools\net6.0\..\net472\XamlCompiler.exe" "obj\Debug\net8.0-windows10.0.19041.0\\input.json" "obj\Debug\net8.0-windows10.0.19041.0\\output.json"”已退出，代码为 1。 [E:\Desk\EyeGuard\src\EyeGuard.UI\EyeGuard.UI.csproj]
    2 个警告
    1 个错误

已用时间 00:00:04.62
